// Jest Snapshot v1, https://goo.gl/fbAQLP

exports[`should render the ExpenseListDashboard with children 1`] = `
<div>
  <h1>
    Dashboard Page Contents
  </h1>
</div>
`;
